// Jest Snapshot v1, https://goo.gl/fbAQLP

exports[`CalendarHeader component should render with props passed in 1`] = `ShallowWrapper {}`;

exports[`CalendarHeader component should render without any data defined 1`] = `ShallowWrapper {}`;
