// Jest Snapshot v1, https://goo.gl/fbAQLP

exports[`CalendarForm Component should render with props passed in 1`] = `ShallowWrapper {}`;
